Reading override parameter file '/home/franco/Documentos/Multistage_stochastic_fair_allocation/results_models/fairness_comparison/cplex_threads_1.prm' succeeded.
Reading override parameter file '/home/franco/Documentos/Multistage_stochastic_fair_allocation/results_models/fairness_comparison/cplex_threads_1.prm' succeeded.
Reading override parameter file '/home/franco/Documentos/Multistage_stochastic_fair_allocation/results_models/fairness_comparison/cplex_threads_1.prm' succeeded.
Reading override parameter file '/home/franco/Documentos/Multistage_stochastic_fair_allocation/results_models/fairness_comparison/cplex_threads_1.prm' succeeded.
Reading override parameter file '/home/franco/Documentos/Multistage_stochastic_fair_allocation/results_models/fairness_comparison/cplex_threads_1.prm' succeeded.
Reading override parameter file '/home/franco/Documentos/Multistage_stochastic_fair_allocation/results_models/fairness_comparison/cplex_threads_1.prm' succeeded.
Reading override parameter file '/home/franco/Documentos/Multistage_stochastic_fair_allocation/results_models/fairness_comparison/cplex_threads_1.prm' succeeded.
Reading override parameter file '/home/franco/Documentos/Multistage_stochastic_fair_allocation/results_models/fairness_comparison/cplex_threads_1.prm' succeeded.
Reading override parameter file '/home/franco/Documentos/Multistage_stochastic_fair_allocation/results_models/fairness_comparison/cplex_threads_1.prm' succeeded.
FAIL CPEA C0006 stage=5: CPEA terminó sin solución primal.
FAIL CPEA C0006 stage=6: CPEA terminó sin solución primal.
FAIL CPEA C0007 stage=5: CPEA terminó sin solución primal.
FAIL CPEA C0007 stage=6: CPEA terminó sin solución primal.
FAIL CPEA C0009 stage=5: CPEA terminó sin solución primal.
FAIL CPEA C0009 stage=6: CPEA terminó sin solución primal.
FAIL CPEA C0010 stage=5: CPEA terminó sin solución primal.
FAIL CPEA C0010 stage=6: CPEA terminó sin solución primal.
ERROR: LoadError: CPEA registró 8 fallos.
Stacktrace:
 [1] error(s::String)
   @ Base ./error.jl:44
 [2] run_fairness_policy_worker(policy::String; manifest_path::String, comparison_dir::String, conditional_stages::Vector{Int64}, fairness_mmr::Float64, lex_eps_abs::Float64, cplex_threads::Int64)
   @ Main ~/Documentos/Multistage_stochastic_fair_allocation/codes/run_fairness_policy_worker.jl:110
 [3] top-level scope
   @ ~/Documentos/Multistage_stochastic_fair_allocation/codes/run_fairness_policy_worker.jl:118
 [4] include(mod::Module, _path::String)
   @ Base ./Base.jl:306
 [5] exec_options(opts::Base.JLOptions)
   @ Base ./client.jl:317
 [6] _start()
   @ Base ./client.jl:550
in expression starting at /home/franco/Documentos/Multistage_stochastic_fair_allocation/codes/run_fairness_policy_worker.jl:115
SKIP CPEA C0001 stage=2: resultado completo.
SKIP CPEA C0002 stage=2: resultado completo.
SKIP CPEA C0003 stage=2: resultado completo.
SKIP CPEA C0004 stage=2: resultado completo.
SKIP CPEA C0005 stage=2: resultado completo.
SKIP CPEA C0006 stage=2: resultado completo.
SKIP CPEA C0006 stage=3: resultado completo.
SKIP CPEA C0006 stage=4: resultado completo.
RUN CPEA C0006 stage=5 (6:4:4, Drahi_51.csv)
RUN CPEA C0006 stage=6 (6:4:4, Drahi_51.csv)
SKIP CPEA C0007 stage=2: resultado completo.
SKIP CPEA C0007 stage=3: resultado completo.
SKIP CPEA C0007 stage=4: resultado completo.
RUN CPEA C0007 stage=5 (6:4:4, Drahi_70.csv)
RUN CPEA C0007 stage=6 (6:4:4, Drahi_70.csv)
SKIP CPEA C0008 stage=2: resultado completo.
SKIP CPEA C0008 stage=3: resultado completo.
SKIP CPEA C0008 stage=4: resultado completo.
SKIP CPEA C0008 stage=5: resultado completo.
SKIP CPEA C0008 stage=6: resultado completo.
SKIP CPEA C0009 stage=2: resultado completo.
SKIP CPEA C0009 stage=3: resultado completo.
SKIP CPEA C0009 stage=4: resultado completo.
RUN CPEA C0009 stage=5 (6:4:4, Drahi_95.csv)
RUN CPEA C0009 stage=6 (6:4:4, Drahi_95.csv)
SKIP CPEA C0010 stage=2: resultado completo.
SKIP CPEA C0010 stage=3: resultado completo.
SKIP CPEA C0010 stage=4: resultado completo.
RUN CPEA C0010 stage=5 (6:4:4, Drahi_83.csv)
RUN CPEA C0010 stage=6 (6:4:4, Drahi_83.csv)
