Total configuraciones a ejecutar: 2
Running config 1/2 -> (fairness=LEXMMFSA, file=Drahi_1.csv, S=2, C=2, P=12, J=5, theta=0.2)
##########################################################
Lexicographic Algorithm
Objective : 20447.884
Objective : 40895.769
Objective : 61343.653
Objective : 81791.537
Objective : 102239.422
end
##########################################################
Running config 2/2 -> (fairness=LEXMMFSA, file=Drahi_2.csv, S=2, C=2, P=12, J=5, theta=0.2)
##########################################################
Lexicographic Algorithm
Objective : 8742.973
Objective : 17485.946
Objective : 26228.919
Objective : 34971.892
Objective : 43714.865
end
##########################################################
Reporte resumen: fairness_LEXMMFSA_report.csv
Reporte por casa: fairness_LEXMMFSA_report_by_house.csv
