Reading override parameter file '/home/franco/Documentos/Multistage Energy/Code_stochastique/results_models/fairness_comparison/cplex_threads_1.prm' succeeded.
Reading override parameter file '/home/franco/Documentos/Multistage Energy/Code_stochastique/results_models/fairness_comparison/cplex_threads_1.prm' succeeded.
Reading override parameter file '/home/franco/Documentos/Multistage Energy/Code_stochastique/results_models/fairness_comparison/cplex_threads_1.prm' succeeded.
Reading override parameter file '/home/franco/Documentos/Multistage Energy/Code_stochastique/results_models/fairness_comparison/cplex_threads_1.prm' succeeded.
Reading override parameter file '/home/franco/Documentos/Multistage Energy/Code_stochastique/results_models/fairness_comparison/cplex_threads_1.prm' succeeded.
Reading override parameter file '/home/franco/Documentos/Multistage Energy/Code_stochastique/results_models/fairness_comparison/cplex_threads_1.prm' succeeded.
Reading override parameter file '/home/franco/Documentos/Multistage Energy/Code_stochastique/results_models/fairness_comparison/cplex_threads_1.prm' succeeded.
Reading override parameter file '/home/franco/Documentos/Multistage Energy/Code_stochastique/results_models/fairness_comparison/cplex_threads_1.prm' succeeded.

[46634] signal 2: Interrupción
in expression starting at /home/franco/Documentos/Multistage Energy/Code_stochastique/codes/run_fairness_policy_worker.jl:115
sig_match_fast at /cache/build/builder-demeter6-3/julialang/julia-release-1-dot-11/src/gf.c:2963 [inlined]
jl_lookup_generic_ at /cache/build/builder-demeter6-3/julialang/julia-release-1-dot-11/src/gf.c:3052 [inlined]
ijl_apply_generic at /cache/build/builder-demeter6-3/julialang/julia-release-1-dot-11/src/gf.c:3123
get at /home/franco/.julia/packages/JuMP/N7h14/src/optimizer_interface.jl:1239
#value#37 at /home/franco/.julia/packages/JuMP/N7h14/src/variables.jl:2092
value at /home/franco/.julia/packages/JuMP/N7h14/src/variables.jl:2091 [inlined]
#48 at /home/franco/.julia/packages/JuMP/N7h14/src/aff_expr.jl:735 [inlined]
value at /home/franco/.julia/packages/JuMP/N7h14/src/aff_expr.jl:418
#value#47 at /home/franco/.julia/packages/JuMP/N7h14/src/aff_expr.jl:734 [inlined]
value at /home/franco/.julia/packages/JuMP/N7h14/src/aff_expr.jl:733 [inlined]
_broadcast_getindex_evalf at ./broadcast.jl:678 [inlined]
_broadcast_getindex at ./broadcast.jl:651 [inlined]
getindex at ./broadcast.jl:610 [inlined]
macro expansion at ./broadcast.jl:973 [inlined]
macro expansion at ./simdloop.jl:77 [inlined]
copyto! at ./broadcast.jl:972 [inlined]
copyto! at ./broadcast.jl:925 [inlined]
copy at ./broadcast.jl:897 [inlined]
materialize at ./broadcast.jl:872 [inlined]
#solve_erdinc_fairness#281 at /home/franco/Documentos/Multistage Energy/Code_stochastique/codes/conditional_fairness.jl:405
solve_erdinc_fairness at /home/franco/Documentos/Multistage Energy/Code_stochastique/codes/conditional_fairness.jl:388 [inlined]
#solve_new_fairness#297 at /home/franco/Documentos/Multistage Energy/Code_stochastique/codes/conditional_fairness.jl:630
solve_new_fairness at /home/franco/Documentos/Multistage Energy/Code_stochastique/codes/conditional_fairness.jl:619 [inlined]
#solveMulti#348 at /home/franco/Documentos/Multistage Energy/Code_stochastique/codes/multi.jl:21
solveMulti at /home/franco/Documentos/Multistage Energy/Code_stochastique/codes/multi.jl:11
solveMulti at /home/franco/Documentos/Multistage Energy/Code_stochastique/codes/multi.jl:11 [inlined]
#solve_comparison_policy#536 at /home/franco/Documentos/Multistage Energy/Code_stochastique/codes/fairness_comparison_metrics.jl:189
solve_comparison_policy at /home/franco/Documentos/Multistage Energy/Code_stochastique/codes/fairness_comparison_metrics.jl:163 [inlined]
#run_fairness_policy_worker#585 at /home/franco/Documentos/Multistage Energy/Code_stochastique/codes/run_fairness_policy_worker.jl:71
run_fairness_policy_worker at /home/franco/Documentos/Multistage Energy/Code_stochastique/codes/run_fairness_policy_worker.jl:19
unknown function (ip: 0x789357f0c232)
jl_apply at /cache/build/builder-demeter6-3/julialang/julia-release-1-dot-11/src/julia.h:2157 [inlined]
do_call at /cache/build/builder-demeter6-3/julialang/julia-release-1-dot-11/src/interpreter.c:126
eval_value at /cache/build/builder-demeter6-3/julialang/julia-release-1-dot-11/src/interpreter.c:223
eval_stmt_value at /cache/build/builder-demeter6-3/julialang/julia-release-1-dot-11/src/interpreter.c:174 [inlined]
eval_body at /cache/build/builder-demeter6-3/julialang/julia-release-1-dot-11/src/interpreter.c:666
jl_interpret_toplevel_thunk at /cache/build/builder-demeter6-3/julialang/julia-release-1-dot-11/src/interpreter.c:824
jl_toplevel_eval_flex at /cache/build/builder-demeter6-3/julialang/julia-release-1-dot-11/src/toplevel.c:943
jl_toplevel_eval_flex at /cache/build/builder-demeter6-3/julialang/julia-release-1-dot-11/src/toplevel.c:886
ijl_toplevel_eval_in at /cache/build/builder-demeter6-3/julialang/julia-release-1-dot-11/src/toplevel.c:994
eval at ./boot.jl:430 [inlined]
include_string at ./loading.jl:2734
_include at ./loading.jl:2794
include at ./Base.jl:562
jfptr_include_46986.1 at /home/franco/.julia/juliaup/julia-1.11.7+0.x64.linux.gnu/lib/julia/sys.so (unknown line)
exec_options at ./client.jl:323
_start at ./client.jl:531
jfptr__start_73684.1 at /home/franco/.julia/juliaup/julia-1.11.7+0.x64.linux.gnu/lib/julia/sys.so (unknown line)
jl_apply at /cache/build/builder-demeter6-3/julialang/julia-release-1-dot-11/src/julia.h:2157 [inlined]
true_main at /cache/build/builder-demeter6-3/julialang/julia-release-1-dot-11/src/jlapi.c:900
jl_repl_entrypoint at /cache/build/builder-demeter6-3/julialang/julia-release-1-dot-11/src/jlapi.c:1059
main at /cache/build/builder-demeter6-3/julialang/julia-release-1-dot-11/cli/loader_exe.c:58
unknown function (ip: 0x78937e029d8f)
__libc_start_main at /lib/x86_64-linux-gnu/libc.so.6 (unknown line)
unknown function (ip: 0x4010b8)
unknown function (ip: (nil))
Allocations: 101507370 (Pool: 101504314; Big: 3056); GC: 36
RUN ERDINC_PEC C0001 stage=missing (2:2:12, Drahi_51.csv)
RUN ERDINC_PEC C0002 stage=missing (2:2:12, Drahi_70.csv)
RUN ERDINC_PEC C0003 stage=missing (2:2:12, Drahi_37.csv)
RUN ERDINC_PEC C0004 stage=missing (2:2:12, Drahi_95.csv)
RUN ERDINC_PEC C0005 stage=missing (2:2:12, Drahi_83.csv)
RUN ERDINC_PEC C0006 stage=missing (6:4:4, Drahi_51.csv)
RUN ERDINC_PEC C0007 stage=missing (6:4:4, Drahi_70.csv)
